[    3040ms] [INFO] Images loaded lazily and replaced with placeholders. Load events are deferred. See https://go.microsoft.com/fwlink/?linkid=2048113 @ https://www.microsoft.com/es-co/microsoft-365/onedrive/online-cloud-storage:470
[    3435ms] Identifier 'LocalStorageUtil' has already been declared
[    3452ms] Identifier 'LocalStorageUtil' has already been declared
[    3467ms] Identifier 'LocalStorageUtil' has already been declared
[    3479ms] Identifier 'LocalStorageUtil' has already been declared
[    4514ms] [LOG] 1DS Initialized.. @ https://www.microsoft.com/golf/etc.clientlibs/microsoft/components/structure/page/clientlibs/custom-oneds.ACSHASHbf880242325f20f5b8644293f4586135.min.js:0
[    4928ms] [LOG] note request: [] @ https://publisher.liveperson.net/iframe-le-tag/iframe-cs.html?lpsite=60270350&lpsection=office365-leadgen-es-co&buttons=hiddenchat:497
[    5757ms] [LOG] MWF v2.8.1 @ https://www.microsoft.com/golf/etc.clientlibs/onecloud/clientlibs/clientlib-mwf-new/main-light.ACSHASHfe9d5283cc0a38f995b64bf0f39192eb.min.js:13154
[    6760ms] [WARNING] [OCR][ProductPricingManager] creation error:  Error: [OCR][ProductPricingManager] Invalid pricing component element. Missing data-ocr-pricing-identifier or data-ocr-sku-request attribute.
    at ProductPricingManager.findPricingRequestElement (https://www.microsoft.com/etc.clientlibs/onecloud/clientlibs/clientlib-product-pricing.ACSHASHf9c4f2ed4e61ec88e9a455f543919e32.min.js:2891:19)
    at new ProductPricingRendering (https://www.microsoft.com/etc.clientlibs/onecloud/clientlibs/clientlib-product-pricing.ACSHASHf9c4f2ed4e61ec88e9a455f543919e32.min.js:2168:89)
    at ProductPricingManager.createProductPriceRenderInstance (https://www.microsoft.com/etc.clientlibs/onecloud/clientlibs/clientlib-product-pricing.ACSHASHf9c4f2ed4e61ec88e9a455f543919e32.min.js:3123:13)
    at ProductPricingManager.createProductPricingRequests (https://www.microsoft.com/etc.clientlibs/onecloud/clientlibs/clientlib-product-pricing.ACSHASHf9c4f2ed4e61ec88e9a455f543919e32.min.js:3044:30)
    at ProductPricingManager.initializePricingManager (https://www.microsoft.com/etc.clientlibs/onecloud/clientlibs/clientlib-product-pricing.ACSHASHf9c4f2ed4e61ec88e9a455f543919e32.min.js:2710:14)
    at new ProductPricingManager (https://www.microsoft.com/etc.clientlibs/onecloud/clientlibs/clientlib-product-pricing.ACSHASHf9c4f2ed4e61ec88e9a455f543919e32.min.js:2659:14)
    at initializeProductPriceModule (https://www.microsoft.com/golf/etc.clientlibs/onecloud/clientlibs/clientlib-product-pricing.ACSHASHf9c4f2ed4e61ec88e9a455f543919e32.min.js:649:17)
    at HTMLDocument.<anonymous> (https://www.microsoft.com/golf/etc.clientlibs/onecloud/clientlibs/clientlib-product-pricing.ACSHASHf9c4f2ed4e61ec88e9a455f543919e32.min.js:673:9) @ https://www.microsoft.com/etc.clientlibs/onecloud/clientlibs/clientlib-product-pricing.ACSHASHf9c4f2ed4e61ec88e9a455f543919e32.min.js:3045
[    6761ms] [WARNING] [OCR][ProductPricingManager] creation error:  Error: [OCR][ProductPricingManager] Invalid pricing component element. Missing data-ocr-pricing-identifier or data-ocr-sku-request attribute.
    at ProductPricingManager.findPricingRequestElement (https://www.microsoft.com/etc.clientlibs/onecloud/clientlibs/clientlib-product-pricing.ACSHASHf9c4f2ed4e61ec88e9a455f543919e32.min.js:2891:19)
    at new ProductPricingRendering (https://www.microsoft.com/etc.clientlibs/onecloud/clientlibs/clientlib-product-pricing.ACSHASHf9c4f2ed4e61ec88e9a455f543919e32.min.js:2168:89)
    at ProductPricingManager.createProductPriceRenderInstance (https://www.microsoft.com/etc.clientlibs/onecloud/clientlibs/clientlib-product-pricing.ACSHASHf9c4f2ed4e61ec88e9a455f543919e32.min.js:3123:13)
    at ProductPricingManager.createProductPricingRequests (https://www.microsoft.com/etc.clientlibs/onecloud/clientlibs/clientlib-product-pricing.ACSHASHf9c4f2ed4e61ec88e9a455f543919e32.min.js:3044:30)
    at ProductPricingManager.initializePricingManager (https://www.microsoft.com/etc.clientlibs/onecloud/clientlibs/clientlib-product-pricing.ACSHASHf9c4f2ed4e61ec88e9a455f543919e32.min.js:2710:14)
    at new ProductPricingManager (https://www.microsoft.com/etc.clientlibs/onecloud/clientlibs/clientlib-product-pricing.ACSHASHf9c4f2ed4e61ec88e9a455f543919e32.min.js:2659:14)
    at initializeProductPriceModule (https://www.microsoft.com/golf/etc.clientlibs/onecloud/clientlibs/clientlib-product-pricing.ACSHASHf9c4f2ed4e61ec88e9a455f543919e32.min.js:649:17)
    at HTMLDocument.<anonymous> (https://www.microsoft.com/golf/etc.clientlibs/onecloud/clientlibs/clientlib-product-pricing.ACSHASHf9c4f2ed4e61ec88e9a455f543919e32.min.js:673:9) @ https://www.microsoft.com/etc.clientlibs/onecloud/clientlibs/clientlib-product-pricing.ACSHASHf9c4f2ed4e61ec88e9a455f543919e32.min.js:3045
[    7028ms] [LOG] gpc opt-in @ https://www.microsoft.com/golf/etc.clientlibs/microsoft/clientlibs/cookie-compliance-manager.ACSHASHd471cafc5d23f4577f5cf2676dcc276a.min.js:4
[    7028ms] [LOG] Clarity consent conditions not met @ https://www.microsoft.com/golf/etc.clientlibs/microsoft/clientlibs/cookie-compliance-manager.ACSHASHd471cafc5d23f4577f5cf2676dcc276a.min.js:4
[    7052ms] [INFO] [WC Visibility Fix] None of the target tags were found in the DOM. @ https://www.microsoft.com/msonecloudapi/assets/msocbody.js:728
[    7729ms] [LOG] KIF-9a6a4551-d7ca-492e-83b8-a679497175ba: Launcher Rule Fired @ :1
[    7752ms] [LOG] new condition found @ https://assets.adobedtm.com/launch-ENc0cbffaf0f8248c3a934a56818d7737e.min.js:7
[    7820ms] [LOG] KIF-472b86e4-85d2-424d-a035-610fe2345c81: Launcher Rule Fired @ :1
[    7824ms] [LOG] GPC Loaded - globalPrivacyControl: undefined @ https://assets.adobedtm.com/launch-ENc0cbffaf0f8248c3a934a56818d7737e.min.js:8
[    7824ms] [LOG] GPC_DataSharingOptIn: true @ https://assets.adobedtm.com/launch-ENc0cbffaf0f8248c3a934a56818d7737e.min.js:8
[    7824ms] [LOG] MSCC cookie not found - blocking pixels @ https://assets.adobedtm.com/launch-ENc0cbffaf0f8248c3a934a56818d7737e.min.js:8
[    7874ms] [LOG] message received from parent page @ https://publisher.liveperson.net/iframe-le-tag/iframe-cs.html?lpsite=60270350&lpsection=office365-leadgen-es-co&buttons=hiddenchat:760
[    7940ms] [LOG] KIF-c66597f3-7752-4a26-9b1e-69987139d5e3: Launcher Rule Fired @ :1
[    7979ms] [LOG] KIF-d5d407cb-9e1e-454a-b1f6-7ae14cf3b9e4: Launcher Rule Fired @ :1
[    8027ms] [LOG] KIF-1d1be977-a70b-46a7-b9fd-0cdc192dd6de: Launcher Rule Fired @ :1
[    8027ms] [LOG] KIF M365 Demo 1DS starts @ :1
[   10767ms] [LOG] Clarity loaded @ https://www.microsoft.com/msonecloudapi/assets/msocbody.js:700
[   10767ms] [LOG] Clarity consent granted @ https://www.microsoft.com/golf/etc.clientlibs/microsoft/clientlibs/cookie-compliance-manager.ACSHASHd471cafc5d23f4577f5cf2676dcc276a.min.js:4
[   11029ms] [LOG] M365 munchkin starts @ :1
[   11029ms] [LOG] munchkin end @ :1
[   11030ms] [LOG] Not a zh-cn page @ :1
[   11030ms] [LOG] Pixels starts @ :1
[   11031ms] [LOG] Pixels end - after old logic @ :1
[   11018ms] [LOG] message received from parent page @ https://publisher.liveperson.net/iframe-le-tag/iframe-cs.html?lpsite=60270350&lpsection=office365-leadgen-es-co&buttons=hiddenchat:760
[   11143ms] [LOG] message received from parent page @ https://publisher.liveperson.net/iframe-le-tag/iframe-cs.html?lpsite=60270350&lpsection=office365-leadgen-es-co&buttons=hiddenchat:760
